// Jest Snapshot v1, https://goo.gl/fbAQLP

exports[`matches the snapshot 1`] = `
initialize {
  "0": Object {
    "attribs": Object {},
    "children": Array [
      Object {
        "attribs": Object {
          "class": "sc-bdVaJa cRiDfR",
        },
        "children": Array [
          Object {
            "attribs": Object {
              "class": "sc-bxivhb eVfVLF",
            },
            "children": Array [
              Object {
                "attribs": Object {
                  "action": "//formspree.io/developer@dentemple.com",
                  "id": "contact",
                  "method": "POST",
                },
                "children": Array [
                  Object {
                    "attribs": Object {},
                    "children": Array [
                      Object {
                        "attribs": Object {
                          "class": "sc-htpNat jAXmrd",
                        },
                        "children": Array [
                          Object {
                            "data": "Contact Me",
                            "next": null,
                            "parent": [Circular],
                            "prev": null,
                            "type": "text",
                          },
                        ],
                        "name": "h3",
                        "next": Object {
                          "attribs": Object {
                            "class": "sc-bwzfXH eESCwX",
                          },
                          "children": Array [],
                          "name": "hr",
                          "next": null,
                          "parent": [Circular],
                          "prev": [Circular],
                          "type": "tag",
                        },
                        "parent": [Circular],
                        "prev": null,
                        "type": "tag",
                      },
                      Object {
                        "attribs": Object {
                          "class": "sc-bwzfXH eESCwX",
                        },
                        "children": Array [],
                        "name": "hr",
                        "next": null,
                        "parent": [Circular],
                        "prev": Object {
                          "attribs": Object {
                            "class": "sc-htpNat jAXmrd",
                          },
                          "children": Array [
                            Object {
                              "data": "Contact Me",
                              "next": null,
                              "parent": [Circular],
                              "prev": null,
                              "type": "text",
                            },
                          ],
                          "name": "h3",
                          "next": [Circular],
                          "parent": [Circular],
                          "prev": null,
                          "type": "tag",
                        },
                        "type": "tag",
                      },
                    ],
                    "name": "div",
                    "next": Object {
                      "attribs": Object {
                        "class": "sc-bZQynM iepmer",
                      },
                      "children": Array [
                        Object {
                          "attribs": Object {
                            "class": "sc-ifAKCX hvFHhc",
                            "name": "name",
                            "placeholder": "Your Name",
                            "required": "",
                            "type": "text",
                          },
                          "children": Array [],
                          "name": "input",
                          "next": null,
                          "parent": [Circular],
                          "prev": null,
                          "type": "tag",
                        },
                      ],
                      "name": "div",
                      "next": Object {
                        "attribs": Object {
                          "class": "sc-bZQynM iepmer",
                        },
                        "children": Array [
                          Object {
                            "attribs": Object {
                              "class": "sc-ifAKCX hvFHhc",
                              "name": "_replyto",
                              "placeholder": "Your Email Address",
                              "required": "",
                              "type": "email",
                            },
                            "children": Array [],
                            "name": "input",
                            "next": null,
                            "parent": [Circular],
                            "prev": null,
                            "type": "tag",
                          },
                        ],
                        "name": "div",
                        "next": Object {
                          "attribs": Object {
                            "class": "sc-bZQynM iepmer",
                          },
                          "children": Array [
                            Object {
                              "attribs": Object {
                                "class": "sc-EHOje kxxYvc",
                                "name": "message",
                                "placeholder": "Your Message",
                                "required": "",
                              },
                              "children": Array [],
                              "name": "textarea",
                              "next": Object {
                                "attribs": Object {
                                  "name": "_subject",
                                  "type": "hidden",
                                  "value": "Website contact",
                                },
                                "children": Array [],
                                "name": "input",
                                "next": Object {
                                  "attribs": Object {
                                    "name": "_gotcha",
                                    "style": "display:none;",
                                    "type": "text",
                                  },
                                  "children": Array [],
                                  "name": "input",
                                  "next": Object {
                                    "attribs": Object {
                                      "name": "_next",
                                      "type": "hidden",
                                      "value": "//site.io/thanks.html",
                                    },
                                    "children": Array [],
                                    "name": "input",
                                    "next": Object {
                                      "attribs": Object {
                                        "class": "sc-ifAKCX hvFHhc",
                                        "type": "submit",
                                        "value": "Send",
                                      },
                                      "children": Array [],
                                      "name": "input",
                                      "next": null,
                                      "parent": [Circular],
                                      "prev": [Circular],
                                      "type": "tag",
                                    },
                                    "parent": [Circular],
                                    "prev": [Circular],
                                    "type": "tag",
                                  },
                                  "parent": [Circular],
                                  "prev": [Circular],
                                  "type": "tag",
                                },
                                "parent": [Circular],
                                "prev": [Circular],
                                "type": "tag",
                              },
                              "parent": [Circular],
                              "prev": null,
                              "type": "tag",
                            },
                            Object {
                              "attribs": Object {
                                "name": "_subject",
                                "type": "hidden",
                                "value": "Website contact",
                              },
                              "children": Array [],
                              "name": "input",
                              "next": Object {
                                "attribs": Object {
                                  "name": "_gotcha",
                                  "style": "display:none;",
                                  "type": "text",
                                },
                                "children": Array [],
                                "name": "input",
                                "next": Object {
                                  "attribs": Object {
                                    "name": "_next",
                                    "type": "hidden",
                                    "value": "//site.io/thanks.html",
                                  },
                                  "children": Array [],
                                  "name": "input",
                                  "next": Object {
                                    "attribs": Object {
                                      "class": "sc-ifAKCX hvFHhc",
                                      "type": "submit",
                                      "value": "Send",
                                    },
                                    "children": Array [],
                                    "name": "input",
                                    "next": null,
                                    "parent": [Circular],
                                    "prev": [Circular],
                                    "type": "tag",
                                  },
                                  "parent": [Circular],
                                  "prev": [Circular],
                                  "type": "tag",
                                },
                                "parent": [Circular],
                                "prev": [Circular],
                                "type": "tag",
                              },
                              "parent": [Circular],
                              "prev": Object {
                                "attribs": Object {
                                  "class": "sc-EHOje kxxYvc",
                                  "name": "message",
                                  "placeholder": "Your Message",
                                  "required": "",
                                },
                                "children": Array [],
                                "name": "textarea",
                                "next": [Circular],
                                "parent": [Circular],
                                "prev": null,
                                "type": "tag",
                              },
                              "type": "tag",
                            },
                            Object {
                              "attribs": Object {
                                "name": "_gotcha",
                                "style": "display:none;",
                                "type": "text",
                              },
                              "children": Array [],
                              "name": "input",
                              "next": Object {
                                "attribs": Object {
                                  "name": "_next",
                                  "type": "hidden",
                                  "value": "//site.io/thanks.html",
                                },
                                "children": Array [],
                                "name": "input",
                                "next": Object {
                                  "attribs": Object {
                                    "class": "sc-ifAKCX hvFHhc",
                                    "type": "submit",
                                    "value": "Send",
                                  },
                                  "children": Array [],
                                  "name": "input",
                                  "next": null,
                                  "parent": [Circular],
                                  "prev": [Circular],
                                  "type": "tag",
                                },
                                "parent": [Circular],
                                "prev": [Circular],
                                "type": "tag",
                              },
                              "parent": [Circular],
                              "prev": Object {
                                "attribs": Object {
                                  "name": "_subject",
                                  "type": "hidden",
                                  "value": "Website contact",
                                },
                                "children": Array [],
                                "name": "input",
                                "next": [Circular],
                                "parent": [Circular],
                                "prev": Object {
                                  "attribs": Object {
                                    "class": "sc-EHOje kxxYvc",
                                    "name": "message",
                                    "placeholder": "Your Message",
                                    "required": "",
                                  },
                                  "children": Array [],
                                  "name": "textarea",
                                  "next": [Circular],
                                  "parent": [Circular],
                                  "prev": null,
                                  "type": "tag",
                                },
                                "type": "tag",
                              },
                              "type": "tag",
                            },
                            Object {
                              "attribs": Object {
                                "name": "_next",
                                "type": "hidden",
                                "value": "//site.io/thanks.html",
                              },
                              "children": Array [],
                              "name": "input",
                              "next": Object {
                                "attribs": Object {
                                  "class": "sc-ifAKCX hvFHhc",
                                  "type": "submit",
                                  "value": "Send",
                                },
                                "children": Array [],
                                "name": "input",
                                "next": null,
                                "parent": [Circular],
                                "prev": [Circular],
                                "type": "tag",
                              },
                              "parent": [Circular],
                              "prev": Object {
                                "attribs": Object {
                                  "name": "_gotcha",
                                  "style": "display:none;",
                                  "type": "text",
                                },
                                "children": Array [],
                                "name": "input",
                                "next": [Circular],
                                "parent": [Circular],
                                "prev": Object {
                                  "attribs": Object {
                                    "name": "_subject",
                                    "type": "hidden",
                                    "value": "Website contact",
                                  },
                                  "children": Array [],
                                  "name": "input",
                                  "next": [Circular],
                                  "parent": [Circular],
                                  "prev": Object {
                                    "attribs": Object {
                                      "class": "sc-EHOje kxxYvc",
                                      "name": "message",
                                      "placeholder": "Your Message",
                                      "required": "",
                                    },
                                    "children": Array [],
                                    "name": "textarea",
                                    "next": [Circular],
                                    "parent": [Circular],
                                    "prev": null,
                                    "type": "tag",
                                  },
                                  "type": "tag",
                                },
                                "type": "tag",
                              },
                              "type": "tag",
                            },
                            Object {
                              "attribs": Object {
                                "class": "sc-ifAKCX hvFHhc",
                                "type": "submit",
                                "value": "Send",
                              },
                              "children": Array [],
                              "name": "input",
                              "next": null,
                              "parent": [Circular],
                              "prev": Object {
                                "attribs": Object {
                                  "name": "_next",
                                  "type": "hidden",
                                  "value": "//site.io/thanks.html",
                                },
                                "children": Array [],
                                "name": "input",
                                "next": [Circular],
                                "parent": [Circular],
                                "prev": Object {
                                  "attribs": Object {
                                    "name": "_gotcha",
                                    "style": "display:none;",
                                    "type": "text",
                                  },
                                  "children": Array [],
                                  "name": "input",
                                  "next": [Circular],
                                  "parent": [Circular],
                                  "prev": Object {
                                    "attribs": Object {
                                      "name": "_subject",
                                      "type": "hidden",
                                      "value": "Website contact",
                                    },
                                    "children": Array [],
                                    "name": "input",
                                    "next": [Circular],
                                    "parent": [Circular],
                                    "prev": Object {
                                      "attribs": Object {
                                        "class": "sc-EHOje kxxYvc",
                                        "name": "message",
                                        "placeholder": "Your Message",
                                        "required": "",
                                      },
                                      "children": Array [],
                                      "name": "textarea",
                                      "next": [Circular],
                                      "parent": [Circular],
                                      "prev": null,
                                      "type": "tag",
                                    },
                                    "type": "tag",
                                  },
                                  "type": "tag",
                                },
                                "type": "tag",
                              },
                              "type": "tag",
                            },
                          ],
                          "name": "div",
                          "next": null,
                          "parent": [Circular],
                          "prev": [Circular],
                          "type": "tag",
                        },
                        "parent": [Circular],
                        "prev": [Circular],
                        "type": "tag",
                      },
                      "parent": [Circular],
                      "prev": [Circular],
                      "type": "tag",
                    },
                    "parent": [Circular],
                    "prev": null,
                    "type": "tag",
                  },
                  Object {
                    "attribs": Object {
                      "class": "sc-bZQynM iepmer",
                    },
                    "children": Array [
                      Object {
                        "attribs": Object {
                          "class": "sc-ifAKCX hvFHhc",
                          "name": "name",
                          "placeholder": "Your Name",
                          "required": "",
                          "type": "text",
                        },
                        "children": Array [],
                        "name": "input",
                        "next": null,
                        "parent": [Circular],
                        "prev": null,
                        "type": "tag",
                      },
                    ],
                    "name": "div",
                    "next": Object {
                      "attribs": Object {
                        "class": "sc-bZQynM iepmer",
                      },
                      "children": Array [
                        Object {
                          "attribs": Object {
                            "class": "sc-ifAKCX hvFHhc",
                            "name": "_replyto",
                            "placeholder": "Your Email Address",
                            "required": "",
                            "type": "email",
                          },
                          "children": Array [],
                          "name": "input",
                          "next": null,
                          "parent": [Circular],
                          "prev": null,
                          "type": "tag",
                        },
                      ],
                      "name": "div",
                      "next": Object {
                        "attribs": Object {
                          "class": "sc-bZQynM iepmer",
                        },
                        "children": Array [
                          Object {
                            "attribs": Object {
                              "class": "sc-EHOje kxxYvc",
                              "name": "message",
                              "placeholder": "Your Message",
                              "required": "",
                            },
                            "children": Array [],
                            "name": "textarea",
                            "next": Object {
                              "attribs": Object {
                                "name": "_subject",
                                "type": "hidden",
                                "value": "Website contact",
                              },
                              "children": Array [],
                              "name": "input",
                              "next": Object {
                                "attribs": Object {
                                  "name": "_gotcha",
                                  "style": "display:none;",
                                  "type": "text",
                                },
                                "children": Array [],
                                "name": "input",
                                "next": Object {
                                  "attribs": Object {
                                    "name": "_next",
                                    "type": "hidden",
                                    "value": "//site.io/thanks.html",
                                  },
                                  "children": Array [],
                                  "name": "input",
                                  "next": Object {
                                    "attribs": Object {
                                      "class": "sc-ifAKCX hvFHhc",
                                      "type": "submit",
                                      "value": "Send",
                                    },
                                    "children": Array [],
                                    "name": "input",
                                    "next": null,
                                    "parent": [Circular],
                                    "prev": [Circular],
                                    "type": "tag",
                                  },
                                  "parent": [Circular],
                                  "prev": [Circular],
                                  "type": "tag",
                                },
                                "parent": [Circular],
                                "prev": [Circular],
                                "type": "tag",
                              },
                              "parent": [Circular],
                              "prev": [Circular],
                              "type": "tag",
                            },
                            "parent": [Circular],
                            "prev": null,
                            "type": "tag",
                          },
                          Object {
                            "attribs": Object {
                              "name": "_subject",
                              "type": "hidden",
                              "value": "Website contact",
                            },
                            "children": Array [],
                            "name": "input",
                            "next": Object {
                              "attribs": Object {
                                "name": "_gotcha",
                                "style": "display:none;",
                                "type": "text",
                              },
                              "children": Array [],
                              "name": "input",
                              "next": Object {
                                "attribs": Object {
                                  "name": "_next",
                                  "type": "hidden",
                                  "value": "//site.io/thanks.html",
                                },
                                "children": Array [],
                                "name": "input",
                                "next": Object {
                                  "attribs": Object {
                                    "class": "sc-ifAKCX hvFHhc",
                                    "type": "submit",
                                    "value": "Send",
                                  },
                                  "children": Array [],
                                  "name": "input",
                                  "next": null,
                                  "parent": [Circular],
                                  "prev": [Circular],
                                  "type": "tag",
                                },
                                "parent": [Circular],
                                "prev": [Circular],
                                "type": "tag",
                              },
                              "parent": [Circular],
                              "prev": [Circular],
                              "type": "tag",
                            },
                            "parent": [Circular],
                            "prev": Object {
                              "attribs": Object {
                                "class": "sc-EHOje kxxYvc",
                                "name": "message",
                                "placeholder": "Your Message",
                                "required": "",
                              },
                              "children": Array [],
                              "name": "textarea",
                              "next": [Circular],
                              "parent": [Circular],
                              "prev": null,
                              "type": "tag",
                            },
                            "type": "tag",
                          },
                          Object {
                            "attribs": Object {
                              "name": "_gotcha",
                              "style": "display:none;",
                              "type": "text",
                            },
                            "children": Array [],
                            "name": "input",
                            "next": Object {
                              "attribs": Object {
                                "name": "_next",
                                "type": "hidden",
                                "value": "//site.io/thanks.html",
                              },
                              "children": Array [],
                              "name": "input",
                              "next": Object {
                                "attribs": Object {
                                  "class": "sc-ifAKCX hvFHhc",
                                  "type": "submit",
                                  "value": "Send",
                                },
                                "children": Array [],
                                "name": "input",
                                "next": null,
                                "parent": [Circular],
                                "prev": [Circular],
                                "type": "tag",
                              },
                              "parent": [Circular],
                              "prev": [Circular],
                              "type": "tag",
                            },
                            "parent": [Circular],
                            "prev": Object {
                              "attribs": Object {
                                "name": "_subject",
                                "type": "hidden",
                                "value": "Website contact",
                              },
                              "children": Array [],
                              "name": "input",
                              "next": [Circular],
                              "parent": [Circular],
                              "prev": Object {
                                "attribs": Object {
                                  "class": "sc-EHOje kxxYvc",
                                  "name": "message",
                                  "placeholder": "Your Message",
                                  "required": "",
                                },
                                "children": Array [],
                                "name": "textarea",
                                "next": [Circular],
                                "parent": [Circular],
                                "prev": null,
                                "type": "tag",
                              },
                              "type": "tag",
                            },
                            "type": "tag",
                          },
                          Object {
                            "attribs": Object {
                              "name": "_next",
                              "type": "hidden",
                              "value": "//site.io/thanks.html",
                            },
                            "children": Array [],
                            "name": "input",
                            "next": Object {
                              "attribs": Object {
                                "class": "sc-ifAKCX hvFHhc",
                                "type": "submit",
                                "value": "Send",
                              },
                              "children": Array [],
                              "name": "input",
                              "next": null,
                              "parent": [Circular],
                              "prev": [Circular],
                              "type": "tag",
                            },
                            "parent": [Circular],
                            "prev": Object {
                              "attribs": Object {
                                "name": "_gotcha",
                                "style": "display:none;",
                                "type": "text",
                              },
                              "children": Array [],
                              "name": "input",
                              "next": [Circular],
                              "parent": [Circular],
                              "prev": Object {
                                "attribs": Object {
                                  "name": "_subject",
                                  "type": "hidden",
                                  "value": "Website contact",
                                },
                                "children": Array [],
                                "name": "input",
                                "next": [Circular],
                                "parent": [Circular],
                                "prev": Object {
                                  "attribs": Object {
                                    "class": "sc-EHOje kxxYvc",
                                    "name": "message",
                                    "placeholder": "Your Message",
                                    "required": "",
                                  },
                                  "children": Array [],
                                  "name": "textarea",
                                  "next": [Circular],
                                  "parent": [Circular],
                                  "prev": null,
                                  "type": "tag",
                                },
                                "type": "tag",
                              },
                              "type": "tag",
                            },
                            "type": "tag",
                          },
                          Object {
                            "attribs": Object {
                              "class": "sc-ifAKCX hvFHhc",
                              "type": "submit",
                              "value": "Send",
                            },
                            "children": Array [],
                            "name": "input",
                            "next": null,
                            "parent": [Circular],
                            "prev": Object {
                              "attribs": Object {
                                "name": "_next",
                                "type": "hidden",
                                "value": "//site.io/thanks.html",
                              },
                              "children": Array [],
                              "name": "input",
                              "next": [Circular],
                              "parent": [Circular],
                              "prev": Object {
                                "attribs": Object {
                                  "name": "_gotcha",
                                  "style": "display:none;",
                                  "type": "text",
                                },
                                "children": Array [],
                                "name": "input",
                                "next": [Circular],
                                "parent": [Circular],
                                "prev": Object {
                                  "attribs": Object {
                                    "name": "_subject",
                                    "type": "hidden",
                                    "value": "Website contact",
                                  },
                                  "children": Array [],
                                  "name": "input",
                                  "next": [Circular],
                                  "parent": [Circular],
                                  "prev": Object {
                                    "attribs": Object {
                                      "class": "sc-EHOje kxxYvc",
                                      "name": "message",
                                      "placeholder": "Your Message",
                                      "required": "",
                                    },
                                    "children": Array [],
                                    "name": "textarea",
                                    "next": [Circular],
                                    "parent": [Circular],
                                    "prev": null,
                                    "type": "tag",
                                  },
                                  "type": "tag",
                                },
                                "type": "tag",
                              },
                              "type": "tag",
                            },
                            "type": "tag",
                          },
                        ],
                        "name": "div",
                        "next": null,
                        "parent": [Circular],
                        "prev": [Circular],
                        "type": "tag",
                      },
                      "parent": [Circular],
                      "prev": [Circular],
                      "type": "tag",
                    },
                    "parent": [Circular],
                    "prev": Object {
                      "attribs": Object {},
                      "children": Array [
                        Object {
                          "attribs": Object {
                            "class": "sc-htpNat jAXmrd",
                          },
                          "children": Array [
                            Object {
                              "data": "Contact Me",
                              "next": null,
                              "parent": [Circular],
                              "prev": null,
                              "type": "text",
                            },
                          ],
                          "name": "h3",
                          "next": Object {
                            "attribs": Object {
                              "class": "sc-bwzfXH eESCwX",
                            },
                            "children": Array [],
                            "name": "hr",
                            "next": null,
                            "parent": [Circular],
                            "prev": [Circular],
                            "type": "tag",
                          },
                          "parent": [Circular],
                          "prev": null,
                          "type": "tag",
                        },
                        Object {
                          "attribs": Object {
                            "class": "sc-bwzfXH eESCwX",
                          },
                          "children": Array [],
                          "name": "hr",
                          "next": null,
                          "parent": [Circular],
                          "prev": Object {
                            "attribs": Object {
                              "class": "sc-htpNat jAXmrd",
                            },
                            "children": Array [
                              Object {
                                "data": "Contact Me",
                                "next": null,
                                "parent": [Circular],
                                "prev": null,
                                "type": "text",
                              },
                            ],
                            "name": "h3",
                            "next": [Circular],
                            "parent": [Circular],
                            "prev": null,
                            "type": "tag",
                          },
                          "type": "tag",
                        },
                      ],
                      "name": "div",
                      "next": [Circular],
                      "parent": [Circular],
                      "prev": null,
                      "type": "tag",
                    },
                    "type": "tag",
                  },
                  Object {
                    "attribs": Object {
                      "class": "sc-bZQynM iepmer",
                    },
                    "children": Array [
                      Object {
                        "attribs": Object {
                          "class": "sc-ifAKCX hvFHhc",
                          "name": "_replyto",
                          "placeholder": "Your Email Address",
                          "required": "",
                          "type": "email",
                        },
                        "children": Array [],
                        "name": "input",
                        "next": null,
                        "parent": [Circular],
                        "prev": null,
                        "type": "tag",
                      },
                    ],
                    "name": "div",
                    "next": Object {
                      "attribs": Object {
                        "class": "sc-bZQynM iepmer",
                      },
                      "children": Array [
                        Object {
                          "attribs": Object {
                            "class": "sc-EHOje kxxYvc",
                            "name": "message",
                            "placeholder": "Your Message",
                            "required": "",
                          },
                          "children": Array [],
                          "name": "textarea",
                          "next": Object {
                            "attribs": Object {
                              "name": "_subject",
                              "type": "hidden",
                              "value": "Website contact",
                            },
                            "children": Array [],
                            "name": "input",
                            "next": Object {
                              "attribs": Object {
                                "name": "_gotcha",
                                "style": "display:none;",
                                "type": "text",
                              },
                              "children": Array [],
                              "name": "input",
                              "next": Object {
                                "attribs": Object {
                                  "name": "_next",
                                  "type": "hidden",
                                  "value": "//site.io/thanks.html",
                                },
                                "children": Array [],
                                "name": "input",
                                "next": Object {
                                  "attribs": Object {
                                    "class": "sc-ifAKCX hvFHhc",
                                    "type": "submit",
                                    "value": "Send",
                                  },
                                  "children": Array [],
                                  "name": "input",
                                  "next": null,
                                  "parent": [Circular],
                                  "prev": [Circular],
                                  "type": "tag",
                                },
                                "parent": [Circular],
                                "prev": [Circular],
                                "type": "tag",
                              },
                              "parent": [Circular],
                              "prev": [Circular],
                              "type": "tag",
                            },
                            "parent": [Circular],
                            "prev": [Circular],
                            "type": "tag",
                          },
                          "parent": [Circular],
                          "prev": null,
                          "type": "tag",
                        },
                        Object {
                          "attribs": Object {
                            "name": "_subject",
                            "type": "hidden",
                            "value": "Website contact",
                          },
                          "children": Array [],
                          "name": "input",
                          "next": Object {
                            "attribs": Object {
                              "name": "_gotcha",
                              "style": "display:none;",
                              "type": "text",
                            },
                            "children": Array [],
                            "name": "input",
                            "next": Object {
                              "attribs": Object {
                                "name": "_next",
                                "type": "hidden",
                                "value": "//site.io/thanks.html",
                              },
                              "children": Array [],
                              "name": "input",
                              "next": Object {
                                "attribs": Object {
                                  "class": "sc-ifAKCX hvFHhc",
                                  "type": "submit",
                                  "value": "Send",
                                },
                                "children": Array [],
                                "name": "input",
                                "next": null,
                                "parent": [Circular],
                                "prev": [Circular],
                                "type": "tag",
                              },
                              "parent": [Circular],
                              "prev": [Circular],
                              "type": "tag",
                            },
                            "parent": [Circular],
                            "prev": [Circular],
                            "type": "tag",
                          },
                          "parent": [Circular],
                          "prev": Object {
                            "attribs": Object {
                              "class": "sc-EHOje kxxYvc",
                              "name": "message",
                              "placeholder": "Your Message",
                              "required": "",
                            },
                            "children": Array [],
                            "name": "textarea",
                            "next": [Circular],
                            "parent": [Circular],
                            "prev": null,
                            "type": "tag",
                          },
                          "type": "tag",
                        },
                        Object {
                          "attribs": Object {
                            "name": "_gotcha",
                            "style": "display:none;",
                            "type": "text",
                          },
                          "children": Array [],
                          "name": "input",
                          "next": Object {
                            "attribs": Object {
                              "name": "_next",
                              "type": "hidden",
                              "value": "//site.io/thanks.html",
                            },
                            "children": Array [],
                            "name": "input",
                            "next": Object {
                              "attribs": Object {
                                "class": "sc-ifAKCX hvFHhc",
                                "type": "submit",
                                "value": "Send",
                              },
                              "children": Array [],
                              "name": "input",
                              "next": null,
                              "parent": [Circular],
                              "prev": [Circular],
                              "type": "tag",
                            },
                            "parent": [Circular],
                            "prev": [Circular],
                            "type": "tag",
                          },
                          "parent": [Circular],
                          "prev": Object {
                            "attribs": Object {
                              "name": "_subject",
                              "type": "hidden",
                              "value": "Website contact",
                            },
                            "children": Array [],
                            "name": "input",
                            "next": [Circular],
                            "parent": [Circular],
                            "prev": Object {
                              "attribs": Object {
                                "class": "sc-EHOje kxxYvc",
                                "name": "message",
                                "placeholder": "Your Message",
                                "required": "",
                              },
                              "children": Array [],
                              "name": "textarea",
                              "next": [Circular],
                              "parent": [Circular],
                              "prev": null,
                              "type": "tag",
                            },
                            "type": "tag",
                          },
                          "type": "tag",
                        },
                        Object {
                          "attribs": Object {
                            "name": "_next",
                            "type": "hidden",
                            "value": "//site.io/thanks.html",
                          },
                          "children": Array [],
                          "name": "input",
                          "next": Object {
                            "attribs": Object {
                              "class": "sc-ifAKCX hvFHhc",
                              "type": "submit",
                              "value": "Send",
                            },
                            "children": Array [],
                            "name": "input",
                            "next": null,
                            "parent": [Circular],
                            "prev": [Circular],
                            "type": "tag",
                          },
                          "parent": [Circular],
                          "prev": Object {
                            "attribs": Object {
                              "name": "_gotcha",
                              "style": "display:none;",
                              "type": "text",
                            },
                            "children": Array [],
                            "name": "input",
                            "next": [Circular],
                            "parent": [Circular],
                            "prev": Object {
                              "attribs": Object {
                                "name": "_subject",
                                "type": "hidden",
                                "value": "Website contact",
                              },
                              "children": Array [],
                              "name": "input",
                              "next": [Circular],
                              "parent": [Circular],
                              "prev": Object {
                                "attribs": Object {
                                  "class": "sc-EHOje kxxYvc",
                                  "name": "message",
                                  "placeholder": "Your Message",
                                  "required": "",
                                },
                                "children": Array [],
                                "name": "textarea",
                                "next": [Circular],
                                "parent": [Circular],
                                "prev": null,
                                "type": "tag",
                              },
                              "type": "tag",
                            },
                            "type": "tag",
                          },
                          "type": "tag",
                        },
                        Object {
                          "attribs": Object {
                            "class": "sc-ifAKCX hvFHhc",
                            "type": "submit",
                            "value": "Send",
                          },
                          "children": Array [],
                          "name": "input",
                          "next": null,
                          "parent": [Circular],
                          "prev": Object {
                            "attribs": Object {
                              "name": "_next",
                              "type": "hidden",
                              "value": "//site.io/thanks.html",
                            },
                            "children": Array [],
                            "name": "input",
                            "next": [Circular],
                            "parent": [Circular],
                            "prev": Object {
                              "attribs": Object {
                                "name": "_gotcha",
                                "style": "display:none;",
                                "type": "text",
                              },
                              "children": Array [],
                              "name": "input",
                              "next": [Circular],
                              "parent": [Circular],
                              "prev": Object {
                                "attribs": Object {
                                  "name": "_subject",
                                  "type": "hidden",
                                  "value": "Website contact",
                                },
                                "children": Array [],
                                "name": "input",
                                "next": [Circular],
                                "parent": [Circular],
                                "prev": Object {
                                  "attribs": Object {
                                    "class": "sc-EHOje kxxYvc",
                                    "name": "message",
                                    "placeholder": "Your Message",
                                    "required": "",
                                  },
                                  "children": Array [],
                                  "name": "textarea",
                                  "next": [Circular],
                                  "parent": [Circular],
                                  "prev": null,
                                  "type": "tag",
                                },
                                "type": "tag",
                              },
                              "type": "tag",
                            },
                            "type": "tag",
                          },
                          "type": "tag",
                        },
                      ],
                      "name": "div",
                      "next": null,
                      "parent": [Circular],
                      "prev": [Circular],
                      "type": "tag",
                    },
                    "parent": [Circular],
                    "prev": Object {
                      "attribs": Object {
                        "class": "sc-bZQynM iepmer",
                      },
                      "children": Array [
                        Object {
                          "attribs": Object {
                            "class": "sc-ifAKCX hvFHhc",
                            "name": "name",
                            "placeholder": "Your Name",
                            "required": "",
                            "type": "text",
                          },
                          "children": Array [],
                          "name": "input",
                          "next": null,
                          "parent": [Circular],
                          "prev": null,
                          "type": "tag",
                        },
                      ],
                      "name": "div",
                      "next": [Circular],
                      "parent": [Circular],
                      "prev": Object {
                        "attribs": Object {},
                        "children": Array [
                          Object {
                            "attribs": Object {
                              "class": "sc-htpNat jAXmrd",
                            },
                            "children": Array [
                              Object {
                                "data": "Contact Me",
                                "next": null,
                                "parent": [Circular],
                                "prev": null,
                                "type": "text",
                              },
                            ],
                            "name": "h3",
                            "next": Object {
                              "attribs": Object {
                                "class": "sc-bwzfXH eESCwX",
                              },
                              "children": Array [],
                              "name": "hr",
                              "next": null,
                              "parent": [Circular],
                              "prev": [Circular],
                              "type": "tag",
                            },
                            "parent": [Circular],
                            "prev": null,
                            "type": "tag",
                          },
                          Object {
                            "attribs": Object {
                              "class": "sc-bwzfXH eESCwX",
                            },
                            "children": Array [],
                            "name": "hr",
                            "next": null,
                            "parent": [Circular],
                            "prev": Object {
                              "attribs": Object {
                                "class": "sc-htpNat jAXmrd",
                              },
                              "children": Array [
                                Object {
                                  "data": "Contact Me",
                                  "next": null,
                                  "parent": [Circular],
                                  "prev": null,
                                  "type": "text",
                                },
                              ],
                              "name": "h3",
                              "next": [Circular],
                              "parent": [Circular],
                              "prev": null,
                              "type": "tag",
                            },
                            "type": "tag",
                          },
                        ],
                        "name": "div",
                        "next": [Circular],
                        "parent": [Circular],
                        "prev": null,
                        "type": "tag",
                      },
                      "type": "tag",
                    },
                    "type": "tag",
                  },
                  Object {
                    "attribs": Object {
                      "class": "sc-bZQynM iepmer",
                    },
                    "children": Array [
                      Object {
                        "attribs": Object {
                          "class": "sc-EHOje kxxYvc",
                          "name": "message",
                          "placeholder": "Your Message",
                          "required": "",
                        },
                        "children": Array [],
                        "name": "textarea",
                        "next": Object {
                          "attribs": Object {
                            "name": "_subject",
                            "type": "hidden",
                            "value": "Website contact",
                          },
                          "children": Array [],
                          "name": "input",
                          "next": Object {
                            "attribs": Object {
                              "name": "_gotcha",
                              "style": "display:none;",
                              "type": "text",
                            },
                            "children": Array [],
                            "name": "input",
                            "next": Object {
                              "attribs": Object {
                                "name": "_next",
                                "type": "hidden",
                                "value": "//site.io/thanks.html",
                              },
                              "children": Array [],
                              "name": "input",
                              "next": Object {
                                "attribs": Object {
                                  "class": "sc-ifAKCX hvFHhc",
                                  "type": "submit",
                                  "value": "Send",
                                },
                                "children": Array [],
                                "name": "input",
                                "next": null,
                                "parent": [Circular],
                                "prev": [Circular],
                                "type": "tag",
                              },
                              "parent": [Circular],
                              "prev": [Circular],
                              "type": "tag",
                            },
                            "parent": [Circular],
                            "prev": [Circular],
                            "type": "tag",
                          },
                          "parent": [Circular],
                          "prev": [Circular],
                          "type": "tag",
                        },
                        "parent": [Circular],
                        "prev": null,
                        "type": "tag",
                      },
                      Object {
                        "attribs": Object {
                          "name": "_subject",
                          "type": "hidden",
                          "value": "Website contact",
                        },
                        "children": Array [],
                        "name": "input",
                        "next": Object {
                          "attribs": Object {
                            "name": "_gotcha",
                            "style": "display:none;",
                            "type": "text",
                          },
                          "children": Array [],
                          "name": "input",
                          "next": Object {
                            "attribs": Object {
                              "name": "_next",
                              "type": "hidden",
                              "value": "//site.io/thanks.html",
                            },
                            "children": Array [],
                            "name": "input",
                            "next": Object {
                              "attribs": Object {
                                "class": "sc-ifAKCX hvFHhc",
                                "type": "submit",
                                "value": "Send",
                              },
                              "children": Array [],
                              "name": "input",
                              "next": null,
                              "parent": [Circular],
                              "prev": [Circular],
                              "type": "tag",
                            },
                            "parent": [Circular],
                            "prev": [Circular],
                            "type": "tag",
                          },
                          "parent": [Circular],
                          "prev": [Circular],
                          "type": "tag",
                        },
                        "parent": [Circular],
                        "prev": Object {
                          "attribs": Object {
                            "class": "sc-EHOje kxxYvc",
                            "name": "message",
                            "placeholder": "Your Message",
                            "required": "",
                          },
                          "children": Array [],
                          "name": "textarea",
                          "next": [Circular],
                          "parent": [Circular],
                          "prev": null,
                          "type": "tag",
                        },
                        "type": "tag",
                      },
                      Object {
                        "attribs": Object {
                          "name": "_gotcha",
                          "style": "display:none;",
                          "type": "text",
                        },
                        "children": Array [],
                        "name": "input",
                        "next": Object {
                          "attribs": Object {
                            "name": "_next",
                            "type": "hidden",
                            "value": "//site.io/thanks.html",
                          },
                          "children": Array [],
                          "name": "input",
                          "next": Object {
                            "attribs": Object {
                              "class": "sc-ifAKCX hvFHhc",
                              "type": "submit",
                              "value": "Send",
                            },
                            "children": Array [],
                            "name": "input",
                            "next": null,
                            "parent": [Circular],
                            "prev": [Circular],
                            "type": "tag",
                          },
                          "parent": [Circular],
                          "prev": [Circular],
                          "type": "tag",
                        },
                        "parent": [Circular],
                        "prev": Object {
                          "attribs": Object {
                            "name": "_subject",
                            "type": "hidden",
                            "value": "Website contact",
                          },
                          "children": Array [],
                          "name": "input",
                          "next": [Circular],
                          "parent": [Circular],
                          "prev": Object {
                            "attribs": Object {
                              "class": "sc-EHOje kxxYvc",
                              "name": "message",
                              "placeholder": "Your Message",
                              "required": "",
                            },
                            "children": Array [],
                            "name": "textarea",
                            "next": [Circular],
                            "parent": [Circular],
                            "prev": null,
                            "type": "tag",
                          },
                          "type": "tag",
                        },
                        "type": "tag",
                      },
                      Object {
                        "attribs": Object {
                          "name": "_next",
                          "type": "hidden",
                          "value": "//site.io/thanks.html",
                        },
                        "children": Array [],
                        "name": "input",
                        "next": Object {
                          "attribs": Object {
                            "class": "sc-ifAKCX hvFHhc",
                            "type": "submit",
                            "value": "Send",
                          },
                          "children": Array [],
                          "name": "input",
                          "next": null,
                          "parent": [Circular],
                          "prev": [Circular],
                          "type": "tag",
                        },
                        "parent": [Circular],
                        "prev": Object {
                          "attribs": Object {
                            "name": "_gotcha",
                            "style": "display:none;",
                            "type": "text",
                          },
                          "children": Array [],
                          "name": "input",
                          "next": [Circular],
                          "parent": [Circular],
                          "prev": Object {
                            "attribs": Object {
                              "name": "_subject",
                              "type": "hidden",
                              "value": "Website contact",
                            },
                            "children": Array [],
                            "name": "input",
                            "next": [Circular],
                            "parent": [Circular],
                            "prev": Object {
                              "attribs": Object {
                                "class": "sc-EHOje kxxYvc",
                                "name": "message",
                                "placeholder": "Your Message",
                                "required": "",
                              },
                              "children": Array [],
                              "name": "textarea",
                              "next": [Circular],
                              "parent": [Circular],
                              "prev": null,
                              "type": "tag",
                            },
                            "type": "tag",
                          },
                          "type": "tag",
                        },
                        "type": "tag",
                      },
                      Object {
                        "attribs": Object {
                          "class": "sc-ifAKCX hvFHhc",
                          "type": "submit",
                          "value": "Send",
                        },
                        "children": Array [],
                        "name": "input",
                        "next": null,
                        "parent": [Circular],
                        "prev": Object {
                          "attribs": Object {
                            "name": "_next",
                            "type": "hidden",
                            "value": "//site.io/thanks.html",
                          },
                          "children": Array [],
                          "name": "input",
                          "next": [Circular],
                          "parent": [Circular],
                          "prev": Object {
                            "attribs": Object {
                              "name": "_gotcha",
                              "style": "display:none;",
                              "type": "text",
                            },
                            "children": Array [],
                            "name": "input",
                            "next": [Circular],
                            "parent": [Circular],
                            "prev": Object {
                              "attribs": Object {
                                "name": "_subject",
                                "type": "hidden",
                                "value": "Website contact",
                              },
                              "children": Array [],
                              "name": "input",
                              "next": [Circular],
                              "parent": [Circular],
                              "prev": Object {
                                "attribs": Object {
                                  "class": "sc-EHOje kxxYvc",
                                  "name": "message",
                                  "placeholder": "Your Message",
                                  "required": "",
                                },
                                "children": Array [],
                                "name": "textarea",
                                "next": [Circular],
                                "parent": [Circular],
                                "prev": null,
                                "type": "tag",
                              },
                              "type": "tag",
                            },
                            "type": "tag",
                          },
                          "type": "tag",
                        },
                        "type": "tag",
                      },
                    ],
                    "name": "div",
                    "next": null,
                    "parent": [Circular],
                    "prev": Object {
                      "attribs": Object {
                        "class": "sc-bZQynM iepmer",
                      },
                      "children": Array [
                        Object {
                          "attribs": Object {
                            "class": "sc-ifAKCX hvFHhc",
                            "name": "_replyto",
                            "placeholder": "Your Email Address",
                            "required": "",
                            "type": "email",
                          },
                          "children": Array [],
                          "name": "input",
                          "next": null,
                          "parent": [Circular],
                          "prev": null,
                          "type": "tag",
                        },
                      ],
                      "name": "div",
                      "next": [Circular],
                      "parent": [Circular],
                      "prev": Object {
                        "attribs": Object {
                          "class": "sc-bZQynM iepmer",
                        },
                        "children": Array [
                          Object {
                            "attribs": Object {
                              "class": "sc-ifAKCX hvFHhc",
                              "name": "name",
                              "placeholder": "Your Name",
                              "required": "",
                              "type": "text",
                            },
                            "children": Array [],
                            "name": "input",
                            "next": null,
                            "parent": [Circular],
                            "prev": null,
                            "type": "tag",
                          },
                        ],
                        "name": "div",
                        "next": [Circular],
                        "parent": [Circular],
                        "prev": Object {
                          "attribs": Object {},
                          "children": Array [
                            Object {
                              "attribs": Object {
                                "class": "sc-htpNat jAXmrd",
                              },
                              "children": Array [
                                Object {
                                  "data": "Contact Me",
                                  "next": null,
                                  "parent": [Circular],
                                  "prev": null,
                                  "type": "text",
                                },
                              ],
                              "name": "h3",
                              "next": Object {
                                "attribs": Object {
                                  "class": "sc-bwzfXH eESCwX",
                                },
                                "children": Array [],
                                "name": "hr",
                                "next": null,
                                "parent": [Circular],
                                "prev": [Circular],
                                "type": "tag",
                              },
                              "parent": [Circular],
                              "prev": null,
                              "type": "tag",
                            },
                            Object {
                              "attribs": Object {
                                "class": "sc-bwzfXH eESCwX",
                              },
                              "children": Array [],
                              "name": "hr",
                              "next": null,
                              "parent": [Circular],
                              "prev": Object {
                                "attribs": Object {
                                  "class": "sc-htpNat jAXmrd",
                                },
                                "children": Array [
                                  Object {
                                    "data": "Contact Me",
                                    "next": null,
                                    "parent": [Circular],
                                    "prev": null,
                                    "type": "text",
                                  },
                                ],
                                "name": "h3",
                                "next": [Circular],
                                "parent": [Circular],
                                "prev": null,
                                "type": "tag",
                              },
                              "type": "tag",
                            },
                          ],
                          "name": "div",
                          "next": [Circular],
                          "parent": [Circular],
                          "prev": null,
                          "type": "tag",
                        },
                        "type": "tag",
                      },
                      "type": "tag",
                    },
                    "type": "tag",
                  },
                ],
                "name": "form",
                "next": null,
                "parent": [Circular],
                "prev": null,
                "type": "tag",
              },
            ],
            "name": "div",
            "next": null,
            "parent": [Circular],
            "prev": null,
            "type": "tag",
          },
        ],
        "name": "section",
        "next": null,
        "parent": null,
        "prev": null,
        "root": [Circular],
        "type": "tag",
      },
    ],
    "name": "root",
    "next": null,
    "parent": null,
    "prev": null,
    "type": "root",
  },
  "_root": [Circular],
  "length": 1,
  "options": Object {
    "decodeEntities": true,
    "normalizeWhitespace": false,
    "withDomLvl1": true,
    "xmlMode": false,
  },
}
`;
